// Jest Snapshot v1, https://goo.gl/fbAQLP

exports[`Carousel renders a default state 1`] = `
<div>
  <div
    aria-roledescription="carousel"
    class="fui-Carousel"
    role="region"
  >
    Default Carousel
  </div>
</div>
`;
