// Jest Snapshot v1, https://goo.gl/fbAQLP

exports[`TeachingPopoverPageCount renders a default state 1`] = `
<div>
  <div
    class="fui-TeachingPopoverPageCount"
  >
    1 
    Default TeachingPopoverPageCount
     2
  </div>
</div>
`;
