// Jest Snapshot v1, https://goo.gl/fbAQLP

exports[`TeachingPopoverCarouselNavIcon renders a default state 1`] = `
<div>
  <div
    class="fui-TeachingPopoverCarouselNavIcon"
  >
    <button
      class="fui-TeachingPopoverCarouselNavIcon__navButton"
      type="button"
    />
  </div>
</div>
`;
