// Jest Snapshot v1, https://goo.gl/fbAQLP

exports[`TeachingPopoverCarouselNav renders a default state 1`] = `
<div>
  <div
    class="fui-TeachingPopoverCarouselNav"
  >
    Default TeachingPopoverCarouselNav
  </div>
</div>
`;
