// Jest Snapshot v1, https://goo.gl/fbAQLP

exports[`TeachingPopoverCarouselNav renders a default state 1`] = `
<div>
  <div
    class="fui-TeachingPopoverCarouselNav"
    data-tabster="{\\"groupper\\":{\\"tabbability\\":1},\\"focusable\\":{}}"
    role="list"
    tabindex="0"
  >
    <div
      class="fui-TeachingPopoverCarouselNavIcon"
    >
      <button
        class="fui-TeachingPopoverCarouselNavIcon__navButton"
        type="button"
      />
    </div>
    <div
      class="fui-TeachingPopoverCarouselNavIcon"
    >
      <button
        class="fui-TeachingPopoverCarouselNavIcon__navButton"
        type="button"
      />
    </div>
  </div>
</div>
`;
