// Jest Snapshot v1, https://goo.gl/fbAQLP

exports[`TeachingPopoverCarouselFooter renders a default state 1`] = `
<div>
  <div
    class="fui-TeachingPopoverCarouselFooter"
  >
    <button
      class="fui-Button fui-TeachingPopoverCarouselFooter__previous"
      type="button"
    >
      Close
    </button>
    <div
      class="fui-TeachingPopoverCarouselNav fui-TeachingPopoverCarouselFooter__nav"
      data-tabster="{\\"mover\\":{\\"cyclic\\":false,\\"direction\\":2,\\"memorizeCurrent\\":false,\\"hasDefault\\":true}}"
      role="tablist"
      tabindex="0"
    />
    <button
      class="fui-Button fui-TeachingPopoverCarouselFooter__next"
      type="button"
    >
      Next
    </button>
  </div>
</div>
`;
