// Jest Snapshot v1, https://goo.gl/fbAQLP

exports[`CarouselViewport renders a default state 1`] = `
<div>
  <div
    class="fui-CarouselViewport"
  >
    Default CarouselViewport
  </div>
</div>
`;
