// Jest Snapshot v1, https://goo.gl/fbAQLP

exports[`CarouselAnnouncer renders a default state 1`] = `
<div>
  <div
    class="fui-CarouselAnnouncer"
  >
    Default CarouselAnnouncer
  </div>
</div>
`;
