// Jest Snapshot v1, https://goo.gl/fbAQLP

exports[`TeachingPopoverCarouselNavButton renders a default state 1`] = `
<div>
  <button
    aria-label="0 of 0"
    class="fui-TeachingPopoverCarouselNavButton"
    data-tabster="{\\"focusable\\":{\\"isDefault\\":false}}"
    role="tab"
    type="button"
  />
</div>
`;
